// Jest Snapshot v1, https://goo.gl/fbAQLP

exports[`<ThemeComponent /> 1`] = `
.emotion-0 {
  width: 96px;
  height: 96px;
  border-radius: 50%;
  border: 1px solid #BF67AD;
}

<img
  className="emotion-0 emotion-1"
  src="https://i.pinimg.com/564x/9b/d7/4f/9bd74fc0e9547d6da161c2c9c6e485e3.jpg"
/>
`;
